{"timestamp":"2026-09-18T15:04:30.280630Z","level":"info","event":"::group::Pre Execute","logger":"task","filename":"task_runner.py","lineno":2412}
{"timestamp":"2026-09-18T15:04:30.313937Z","level":"info","event":"DAG bundles loaded: dags-folder, example_dags, apache-airflow-providers-common-sql-example-dags, apache-airflow-providers-standard-example-dags","dag_id":"meteo_etl","ti_id":"01a0b50c-302f-7448-bf79-64ace233c23c","run_id":"manual__2026-09-18T14:22:21.834396+00:00","map_index":-1,"try_number":7,"task_id":"extract","logger":"airflow.dag_processing.bundles.manager.DagBundlesManager","filename":"manager.py","lineno":304}
{"timestamp":"2026-09-18T15:04:30.316098Z","level":"info","event":"Filling up the DagBag from /opt/airflow/dags/meteo_etl.py","dag_id":"meteo_etl","ti_id":"01a0b50c-302f-7448-bf79-64ace233c23c","run_id":"manual__2026-09-18T14:22:21.834396+00:00","map_index":-1,"try_number":7,"task_id":"extract","logger":"airflow.dag_processing.dagbag.BundleDagBag","filename":"dagbag.py","lineno":460}
{"timestamp":"2026-09-18T15:04:30.638508Z","level":"info","event":"Worker startup parse complete","bundle_name":"dags-folder","bundle_version":null,"dag_file":"meteo_etl.py","dag_id":"meteo_etl","bundle_prepare_ms":3,"dag_file_parse_ms":322,"ti_id":"01a0b50c-302f-7448-bf79-64ace233c23c","run_id":"manual__2026-09-18T14:22:21.834396+00:00","map_index":-1,"try_number":7,"task_id":"extract","logger":"task","filename":"task_runner.py","lineno":1073}
{"timestamp":"2026-09-18T15:04:30.660872Z","level":"info","event":"Task instance is in running state","logger":"task.stdout"}
{"timestamp":"2026-09-18T15:04:30.669537Z","level":"info","event":" Previous state of the Task instance: TaskInstanceState.QUEUED","logger":"task.stdout"}
{"timestamp":"2026-09-18T15:04:30.671973Z","level":"info","event":"Current task name:extract","logger":"task.stdout"}
{"timestamp":"2026-09-18T15:04:30.673098Z","level":"info","event":"Dag name:meteo_etl","logger":"task.stdout"}
{"timestamp":"2026-09-18T15:04:30.661997Z","level":"info","event":"::endgroup::","dag_id":"meteo_etl","ti_id":"01a0b50c-302f-7448-bf79-64ace233c23c","run_id":"manual__2026-09-18T14:22:21.834396+00:00","map_index":-1,"try_number":7,"task_id":"extract","logger":"task","filename":"task_runner.py","lineno":2232}
{"timestamp":"2026-09-18T15:04:31.580601Z","level":"info","event":"          lat        lng  ... wind_gusts_10m_max  weather_code","logger":"task.stdout"}
{"timestamp":"2026-09-18T15:04:31.602483Z","level":"info","event":"0    33.56250  -7.625000  ...               35.3             3","logger":"task.stdout"}
{"timestamp":"2026-09-18T15:04:31.606161Z","level":"info","event":"1    33.56250  -7.625000  ...               32.8            45","logger":"task.stdout"}
{"timestamp":"2026-09-18T15:04:31.609911Z","level":"info","event":"2    33.56250  -7.625000  ...               31.0             2","logger":"task.stdout"}
{"timestamp":"2026-09-18T15:04:31.612956Z","level":"info","event":"3    33.56250  -7.625000  ...               32.0            45","logger":"task.stdout"}
{"timestamp":"2026-09-18T15:04:31.616787Z","level":"info","event":"4    33.56250  -7.625000  ...               28.4            45","logger":"task.stdout"}
{"timestamp":"2026-09-18T15:04:31.620264Z","level":"info","event":"..        ...        ...  ...                ...           ...","logger":"task.stdout"}
{"timestamp":"2026-09-18T15:04:31.622777Z","level":"info","event":"835  26.18629 -10.559204  ...               25.6             0","logger":"task.stdout"}
{"timestamp":"2026-09-18T15:04:31.625334Z","level":"info","event":"836  26.18629 -10.559204  ...               25.2             1","logger":"task.stdout"}
{"timestamp":"2026-09-18T15:04:31.628008Z","level":"info","event":"837  26.18629 -10.559204  ...               37.1             1","logger":"task.stdout"}
{"timestamp":"2026-09-18T15:04:31.632353Z","level":"info","event":"838  26.18629 -10.559204  ...               41.4             3","logger":"task.stdout"}
{"timestamp":"2026-09-18T15:04:31.635726Z","level":"info","event":"839  26.18629 -10.559204  ...               38.2             3","logger":"task.stdout"}
{"timestamp":"2026-09-18T15:04:31.638803Z","level":"info","event":"","logger":"task.stdout"}
{"timestamp":"2026-09-18T15:04:31.642705Z","level":"info","event":"[840 rows x 10 columns]","logger":"task.stdout"}
{"timestamp":"2026-09-18T15:04:31.641156Z","level":"info","event":"Done. Returned value was: None","dag_id":"meteo_etl","ti_id":"01a0b50c-302f-7448-bf79-64ace233c23c","run_id":"manual__2026-09-18T14:22:21.834396+00:00","map_index":-1,"try_number":7,"task_id":"extract","logger":"airflow.task.operators.airflow.providers.standard.decorators.python._PythonDecoratedOperator","filename":"python.py","lineno":233}
{"timestamp":"2026-09-18T15:04:31.641467Z","level":"info","event":"::group::Post Execute","dag_id":"meteo_etl","ti_id":"01a0b50c-302f-7448-bf79-64ace233c23c","run_id":"manual__2026-09-18T14:22:21.834396+00:00","map_index":-1,"try_number":7,"task_id":"extract","logger":"task","filename":"task_runner.py","lineno":1580}
{"timestamp":"2026-09-18T15:04:31.675939Z","level":"info","event":"Task instance in success state","logger":"task.stdout"}
{"timestamp":"2026-09-18T15:04:31.678598Z","level":"info","event":" Previous state of the Task instance: TaskInstanceState.RUNNING","logger":"task.stdout"}
{"timestamp":"2026-09-18T15:04:31.682955Z","level":"info","event":"Task operator:<Task(_PythonDecoratedOperator): extract>","logger":"task.stdout"}
{"timestamp":"2026-09-18T15:04:31.676140Z","level":"info","event":"::endgroup::","dag_id":"meteo_etl","ti_id":"01a0b50c-302f-7448-bf79-64ace233c23c","run_id":"manual__2026-09-18T14:22:21.834396+00:00","map_index":-1,"try_number":7,"task_id":"extract","logger":"task","filename":"task_runner.py","lineno":2379}
