{"timestamp":"2026-09-18T15:04:05.354060Z","level":"info","event":"::group::Pre Execute","logger":"task","filename":"task_runner.py","lineno":2412}
{"timestamp":"2026-09-18T15:04:05.399812Z","level":"info","event":"DAG bundles loaded: dags-folder, example_dags, apache-airflow-providers-common-sql-example-dags, apache-airflow-providers-standard-example-dags","task_id":"extract","dag_id":"meteo_etl","run_id":"manual__2026-09-18T14:22:21.834396+00:00","map_index":-1,"ti_id":"01a0b50b-ccf8-72b4-a0ee-2843fc94e505","try_number":6,"logger":"airflow.dag_processing.bundles.manager.DagBundlesManager","filename":"manager.py","lineno":304}
{"timestamp":"2026-09-18T15:04:05.402863Z","level":"info","event":"Filling up the DagBag from /opt/airflow/dags/meteo_etl.py","task_id":"extract","dag_id":"meteo_etl","run_id":"manual__2026-09-18T14:22:21.834396+00:00","map_index":-1,"ti_id":"01a0b50b-ccf8-72b4-a0ee-2843fc94e505","try_number":6,"logger":"airflow.dag_processing.dagbag.BundleDagBag","filename":"dagbag.py","lineno":460}
{"timestamp":"2026-09-18T15:04:05.680948Z","level":"info","event":"Worker startup parse complete","bundle_name":"dags-folder","bundle_version":null,"dag_file":"meteo_etl.py","dag_id":"meteo_etl","bundle_prepare_ms":4,"dag_file_parse_ms":278,"task_id":"extract","run_id":"manual__2026-09-18T14:22:21.834396+00:00","map_index":-1,"ti_id":"01a0b50b-ccf8-72b4-a0ee-2843fc94e505","try_number":6,"logger":"task","filename":"task_runner.py","lineno":1073}
{"timestamp":"2026-09-18T15:04:05.702756Z","level":"info","event":"Task instance is in running state","logger":"task.stdout"}
{"timestamp":"2026-09-18T15:04:05.704123Z","level":"info","event":" Previous state of the Task instance: TaskInstanceState.QUEUED","logger":"task.stdout"}
{"timestamp":"2026-09-18T15:04:05.705965Z","level":"info","event":"Current task name:extract","logger":"task.stdout"}
{"timestamp":"2026-09-18T15:04:05.712105Z","level":"info","event":"Dag name:meteo_etl","logger":"task.stdout"}
{"timestamp":"2026-09-18T15:04:05.703340Z","level":"info","event":"::endgroup::","task_id":"extract","dag_id":"meteo_etl","run_id":"manual__2026-09-18T14:22:21.834396+00:00","map_index":-1,"ti_id":"01a0b50b-ccf8-72b4-a0ee-2843fc94e505","try_number":6,"logger":"task","filename":"task_runner.py","lineno":2232}
{"timestamp":"2026-09-18T15:04:06.521429Z","level":"info","event":"          lat        lng  ... wind_gusts_10m_max  weather_code","logger":"task.stdout"}
{"timestamp":"2026-09-18T15:04:06.522529Z","level":"info","event":"0    33.56250  -7.625000  ...               35.3             3","logger":"task.stdout"}
{"timestamp":"2026-09-18T15:04:06.523744Z","level":"info","event":"1    33.56250  -7.625000  ...               32.8            45","logger":"task.stdout"}
{"timestamp":"2026-09-18T15:04:06.524296Z","level":"info","event":"2    33.56250  -7.625000  ...               31.0             2","logger":"task.stdout"}
{"timestamp":"2026-09-18T15:04:06.524735Z","level":"info","event":"3    33.56250  -7.625000  ...               32.0            45","logger":"task.stdout"}
{"timestamp":"2026-09-18T15:04:06.525293Z","level":"info","event":"4    33.56250  -7.625000  ...               28.4            45","logger":"task.stdout"}
{"timestamp":"2026-09-18T15:04:06.525772Z","level":"info","event":"..        ...        ...  ...                ...           ...","logger":"task.stdout"}
{"timestamp":"2026-09-18T15:04:06.526194Z","level":"info","event":"835  26.18629 -10.559204  ...               25.6             0","logger":"task.stdout"}
{"timestamp":"2026-09-18T15:04:06.526716Z","level":"info","event":"836  26.18629 -10.559204  ...               25.2             1","logger":"task.stdout"}
{"timestamp":"2026-09-18T15:04:06.527112Z","level":"info","event":"837  26.18629 -10.559204  ...               37.1             1","logger":"task.stdout"}
{"timestamp":"2026-09-18T15:04:06.527548Z","level":"info","event":"838  26.18629 -10.559204  ...               41.4             3","logger":"task.stdout"}
{"timestamp":"2026-09-18T15:04:06.527997Z","level":"info","event":"839  26.18629 -10.559204  ...               38.2             3","logger":"task.stdout"}
{"timestamp":"2026-09-18T15:04:06.528464Z","level":"info","event":"","logger":"task.stdout"}
{"timestamp":"2026-09-18T15:04:06.528957Z","level":"info","event":"[840 rows x 10 columns]","logger":"task.stdout"}
{"timestamp":"2026-09-18T15:04:06.531974Z","level":"info","event":"Done. Returned value was: None","task_id":"extract","dag_id":"meteo_etl","run_id":"manual__2026-09-18T14:22:21.834396+00:00","map_index":-1,"ti_id":"01a0b50b-ccf8-72b4-a0ee-2843fc94e505","try_number":6,"logger":"airflow.task.operators.airflow.providers.standard.decorators.python._PythonDecoratedOperator","filename":"python.py","lineno":233}
{"timestamp":"2026-09-18T15:04:06.532150Z","level":"info","event":"::group::Post Execute","task_id":"extract","dag_id":"meteo_etl","run_id":"manual__2026-09-18T14:22:21.834396+00:00","map_index":-1,"ti_id":"01a0b50b-ccf8-72b4-a0ee-2843fc94e505","try_number":6,"logger":"task","filename":"task_runner.py","lineno":1580}
{"timestamp":"2026-09-18T15:04:06.556813Z","level":"info","event":"Task instance in success state","logger":"task.stdout"}
{"timestamp":"2026-09-18T15:04:06.565024Z","level":"info","event":" Previous state of the Task instance: TaskInstanceState.RUNNING","logger":"task.stdout"}
{"timestamp":"2026-09-18T15:04:06.566179Z","level":"info","event":"Task operator:<Task(_PythonDecoratedOperator): extract>","logger":"task.stdout"}
{"timestamp":"2026-09-18T15:04:06.557177Z","level":"info","event":"::endgroup::","task_id":"extract","dag_id":"meteo_etl","run_id":"manual__2026-09-18T14:22:21.834396+00:00","map_index":-1,"ti_id":"01a0b50b-ccf8-72b4-a0ee-2843fc94e505","try_number":6,"logger":"task","filename":"task_runner.py","lineno":2379}
