{"timestamp":"2026-09-18T15:06:05.912078Z","level":"info","event":"::group::Pre Execute","logger":"task","filename":"task_runner.py","lineno":2412}
{"timestamp":"2026-09-18T15:06:05.944178Z","level":"info","event":"DAG bundles loaded: dags-folder, example_dags, apache-airflow-providers-common-sql-example-dags, apache-airflow-providers-standard-example-dags","dag_id":"meteo_etl","ti_id":"01a0b50d-a45b-73c8-9d6c-ec148760bd4e","run_id":"manual__2026-09-18T14:22:21.834396+00:00","map_index":-1,"try_number":8,"task_id":"extract","logger":"airflow.dag_processing.bundles.manager.DagBundlesManager","filename":"manager.py","lineno":304}
{"timestamp":"2026-09-18T15:06:05.947986Z","level":"info","event":"Filling up the DagBag from /opt/airflow/dags/meteo_etl.py","dag_id":"meteo_etl","ti_id":"01a0b50d-a45b-73c8-9d6c-ec148760bd4e","run_id":"manual__2026-09-18T14:22:21.834396+00:00","map_index":-1,"try_number":8,"task_id":"extract","logger":"airflow.dag_processing.dagbag.BundleDagBag","filename":"dagbag.py","lineno":460}
{"timestamp":"2026-09-18T15:06:06.233581Z","level":"info","event":"Worker startup parse complete","bundle_name":"dags-folder","bundle_version":null,"dag_file":"meteo_etl.py","dag_id":"meteo_etl","bundle_prepare_ms":4,"dag_file_parse_ms":285,"ti_id":"01a0b50d-a45b-73c8-9d6c-ec148760bd4e","run_id":"manual__2026-09-18T14:22:21.834396+00:00","map_index":-1,"try_number":8,"task_id":"extract","logger":"task","filename":"task_runner.py","lineno":1073}
{"timestamp":"2026-09-18T15:06:06.272609Z","level":"info","event":"Task instance is in running state","logger":"task.stdout"}
{"timestamp":"2026-09-18T15:06:06.273843Z","level":"info","event":" Previous state of the Task instance: TaskInstanceState.QUEUED","logger":"task.stdout"}
{"timestamp":"2026-09-18T15:06:06.275378Z","level":"info","event":"Current task name:extract","logger":"task.stdout"}
{"timestamp":"2026-09-18T15:06:06.278578Z","level":"info","event":"Dag name:meteo_etl","logger":"task.stdout"}
{"timestamp":"2026-09-18T15:06:06.273133Z","level":"info","event":"::endgroup::","dag_id":"meteo_etl","ti_id":"01a0b50d-a45b-73c8-9d6c-ec148760bd4e","run_id":"manual__2026-09-18T14:22:21.834396+00:00","map_index":-1,"try_number":8,"task_id":"extract","logger":"task","filename":"task_runner.py","lineno":2232}
{"timestamp":"2026-09-18T15:06:07.015526Z","level":"info","event":"          lat        lng  ... wind_gusts_10m_max  weather_code","logger":"task.stdout"}
{"timestamp":"2026-09-18T15:06:07.016861Z","level":"info","event":"0    33.56250  -7.625000  ...               35.3             3","logger":"task.stdout"}
{"timestamp":"2026-09-18T15:06:07.017550Z","level":"info","event":"1    33.56250  -7.625000  ...               32.8            45","logger":"task.stdout"}
{"timestamp":"2026-09-18T15:06:07.018685Z","level":"info","event":"2    33.56250  -7.625000  ...               31.0             2","logger":"task.stdout"}
{"timestamp":"2026-09-18T15:06:07.019407Z","level":"info","event":"3    33.56250  -7.625000  ...               32.0            45","logger":"task.stdout"}
{"timestamp":"2026-09-18T15:06:07.019920Z","level":"info","event":"4    33.56250  -7.625000  ...               28.4            45","logger":"task.stdout"}
{"timestamp":"2026-09-18T15:06:07.020689Z","level":"info","event":"..        ...        ...  ...                ...           ...","logger":"task.stdout"}
{"timestamp":"2026-09-18T15:06:07.021265Z","level":"info","event":"835  26.18629 -10.559204  ...               25.6             0","logger":"task.stdout"}
{"timestamp":"2026-09-18T15:06:07.021656Z","level":"info","event":"836  26.18629 -10.559204  ...               25.2             1","logger":"task.stdout"}
{"timestamp":"2026-09-18T15:06:07.022174Z","level":"info","event":"837  26.18629 -10.559204  ...               37.1             1","logger":"task.stdout"}
{"timestamp":"2026-09-18T15:06:07.022642Z","level":"info","event":"838  26.18629 -10.559204  ...               41.4             3","logger":"task.stdout"}
{"timestamp":"2026-09-18T15:06:07.023179Z","level":"info","event":"839  26.18629 -10.559204  ...               38.2             3","logger":"task.stdout"}
{"timestamp":"2026-09-18T15:06:07.023678Z","level":"info","event":"","logger":"task.stdout"}
{"timestamp":"2026-09-18T15:06:07.024192Z","level":"info","event":"[840 rows x 10 columns]","logger":"task.stdout"}
{"timestamp":"2026-09-18T15:06:07.028746Z","level":"info","event":"Done. Returned value was: None","dag_id":"meteo_etl","ti_id":"01a0b50d-a45b-73c8-9d6c-ec148760bd4e","run_id":"manual__2026-09-18T14:22:21.834396+00:00","map_index":-1,"try_number":8,"task_id":"extract","logger":"airflow.task.operators.airflow.providers.standard.decorators.python._PythonDecoratedOperator","filename":"python.py","lineno":233}
{"timestamp":"2026-09-18T15:06:07.028951Z","level":"info","event":"::group::Post Execute","dag_id":"meteo_etl","ti_id":"01a0b50d-a45b-73c8-9d6c-ec148760bd4e","run_id":"manual__2026-09-18T14:22:21.834396+00:00","map_index":-1,"try_number":8,"task_id":"extract","logger":"task","filename":"task_runner.py","lineno":1580}
{"timestamp":"2026-09-18T15:06:07.052951Z","level":"info","event":"Task instance in success state","logger":"task.stdout"}
{"timestamp":"2026-09-18T15:06:07.053848Z","level":"info","event":" Previous state of the Task instance: TaskInstanceState.RUNNING","logger":"task.stdout"}
{"timestamp":"2026-09-18T15:06:07.055172Z","level":"info","event":"Task operator:<Task(_PythonDecoratedOperator): extract>","logger":"task.stdout"}
{"timestamp":"2026-09-18T15:06:07.053424Z","level":"info","event":"::endgroup::","dag_id":"meteo_etl","ti_id":"01a0b50d-a45b-73c8-9d6c-ec148760bd4e","run_id":"manual__2026-09-18T14:22:21.834396+00:00","map_index":-1,"try_number":8,"task_id":"extract","logger":"task","filename":"task_runner.py","lineno":2379}
