{"timestamp":"2026-09-18T15:12:15.043864Z","level":"info","event":"::group::Pre Execute","logger":"task","filename":"task_runner.py","lineno":2412}
{"timestamp":"2026-09-18T15:12:15.062604Z","level":"info","event":"DAG bundles loaded: dags-folder, example_dags, apache-airflow-providers-common-sql-example-dags, apache-airflow-providers-standard-example-dags","dag_id":"meteo_etl","try_number":9,"run_id":"manual__2026-09-18T14:22:21.834396+00:00","ti_id":"01a0b513-4688-7e6b-b0b5-f11adfbe89f4","task_id":"extract","map_index":-1,"logger":"airflow.dag_processing.bundles.manager.DagBundlesManager","filename":"manager.py","lineno":304}
{"timestamp":"2026-09-18T15:12:15.065609Z","level":"info","event":"Filling up the DagBag from /opt/airflow/dags/meteo_etl.py","dag_id":"meteo_etl","try_number":9,"run_id":"manual__2026-09-18T14:22:21.834396+00:00","ti_id":"01a0b513-4688-7e6b-b0b5-f11adfbe89f4","task_id":"extract","map_index":-1,"logger":"airflow.dag_processing.dagbag.BundleDagBag","filename":"dagbag.py","lineno":460}
{"timestamp":"2026-09-18T15:12:15.363702Z","level":"info","event":"Worker startup parse complete","bundle_name":"dags-folder","bundle_version":null,"dag_file":"meteo_etl.py","dag_id":"meteo_etl","bundle_prepare_ms":4,"dag_file_parse_ms":298,"try_number":9,"run_id":"manual__2026-09-18T14:22:21.834396+00:00","ti_id":"01a0b513-4688-7e6b-b0b5-f11adfbe89f4","task_id":"extract","map_index":-1,"logger":"task","filename":"task_runner.py","lineno":1073}
{"timestamp":"2026-09-18T15:12:15.396785Z","level":"info","event":"Task instance is in running state","logger":"task.stdout"}
{"timestamp":"2026-09-18T15:12:15.398553Z","level":"info","event":" Previous state of the Task instance: TaskInstanceState.QUEUED","logger":"task.stdout"}
{"timestamp":"2026-09-18T15:12:15.399368Z","level":"info","event":"Current task name:extract","logger":"task.stdout"}
{"timestamp":"2026-09-18T15:12:15.400151Z","level":"info","event":"Dag name:meteo_etl","logger":"task.stdout"}
{"timestamp":"2026-09-18T15:12:15.397401Z","level":"info","event":"::endgroup::","dag_id":"meteo_etl","try_number":9,"run_id":"manual__2026-09-18T14:22:21.834396+00:00","ti_id":"01a0b513-4688-7e6b-b0b5-f11adfbe89f4","task_id":"extract","map_index":-1,"logger":"task","filename":"task_runner.py","lineno":2232}
{"timestamp":"2026-09-18T15:12:16.323662Z","level":"info","event":"          lat        lng  ... wind_gusts_10m_max  weather_code","logger":"task.stdout"}
{"timestamp":"2026-09-18T15:12:16.324730Z","level":"info","event":"0    33.56250  -7.625000  ...               35.3             3","logger":"task.stdout"}
{"timestamp":"2026-09-18T15:12:16.325396Z","level":"info","event":"1    33.56250  -7.625000  ...               32.8            45","logger":"task.stdout"}
{"timestamp":"2026-09-18T15:12:16.326080Z","level":"info","event":"2    33.56250  -7.625000  ...               31.0             2","logger":"task.stdout"}
{"timestamp":"2026-09-18T15:12:16.331847Z","level":"info","event":"3    33.56250  -7.625000  ...               32.0            45","logger":"task.stdout"}
{"timestamp":"2026-09-18T15:12:16.333439Z","level":"info","event":"4    33.56250  -7.625000  ...               28.4            45","logger":"task.stdout"}
{"timestamp":"2026-09-18T15:12:16.334333Z","level":"info","event":"..        ...        ...  ...                ...           ...","logger":"task.stdout"}
{"timestamp":"2026-09-18T15:12:16.335089Z","level":"info","event":"835  26.18629 -10.559204  ...               25.6             0","logger":"task.stdout"}
{"timestamp":"2026-09-18T15:12:16.340078Z","level":"info","event":"836  26.18629 -10.559204  ...               25.2             1","logger":"task.stdout"}
{"timestamp":"2026-09-18T15:12:16.342534Z","level":"info","event":"837  26.18629 -10.559204  ...               37.1             1","logger":"task.stdout"}
{"timestamp":"2026-09-18T15:12:16.343134Z","level":"info","event":"838  26.18629 -10.559204  ...               41.4             3","logger":"task.stdout"}
{"timestamp":"2026-09-18T15:12:16.343563Z","level":"info","event":"839  26.18629 -10.559204  ...               38.2             3","logger":"task.stdout"}
{"timestamp":"2026-09-18T15:12:16.343993Z","level":"info","event":"","logger":"task.stdout"}
{"timestamp":"2026-09-18T15:12:16.344485Z","level":"info","event":"[840 rows x 10 columns]","logger":"task.stdout"}
{"timestamp":"2026-09-18T15:12:16.345700Z","level":"info","event":"Done. Returned value was: None","dag_id":"meteo_etl","try_number":9,"run_id":"manual__2026-09-18T14:22:21.834396+00:00","ti_id":"01a0b513-4688-7e6b-b0b5-f11adfbe89f4","task_id":"extract","map_index":-1,"logger":"airflow.task.operators.airflow.providers.standard.decorators.python._PythonDecoratedOperator","filename":"python.py","lineno":233}
{"timestamp":"2026-09-18T15:12:16.345913Z","level":"info","event":"::group::Post Execute","dag_id":"meteo_etl","try_number":9,"run_id":"manual__2026-09-18T14:22:21.834396+00:00","ti_id":"01a0b513-4688-7e6b-b0b5-f11adfbe89f4","task_id":"extract","map_index":-1,"logger":"task","filename":"task_runner.py","lineno":1580}
{"timestamp":"2026-09-18T15:12:16.365659Z","level":"info","event":"Task instance in success state","logger":"task.stdout"}
{"timestamp":"2026-09-18T15:12:16.367691Z","level":"info","event":" Previous state of the Task instance: TaskInstanceState.RUNNING","logger":"task.stdout"}
{"timestamp":"2026-09-18T15:12:16.369378Z","level":"info","event":"Task operator:<Task(_PythonDecoratedOperator): extract>","logger":"task.stdout"}
{"timestamp":"2026-09-18T15:12:16.366091Z","level":"info","event":"::endgroup::","dag_id":"meteo_etl","try_number":9,"run_id":"manual__2026-09-18T14:22:21.834396+00:00","ti_id":"01a0b513-4688-7e6b-b0b5-f11adfbe89f4","task_id":"extract","map_index":-1,"logger":"task","filename":"task_runner.py","lineno":2379}
