{"timestamp":"2026-09-18T15:01:28.959332Z","level":"info","event":"::group::Pre Execute","logger":"task","filename":"task_runner.py","lineno":2412}
{"timestamp":"2026-09-18T15:01:32.501741Z","level":"info","event":"DAG bundles loaded: dags-folder, example_dags, apache-airflow-providers-common-sql-example-dags, apache-airflow-providers-standard-example-dags","dag_id":"meteo_etl","ti_id":"01a0b509-67f2-76cc-bbfa-308cb761dea5","map_index":-1,"run_id":"manual__2026-09-18T14:22:21.834396+00:00","task_id":"extract","try_number":5,"logger":"airflow.dag_processing.bundles.manager.DagBundlesManager","filename":"manager.py","lineno":304}
{"timestamp":"2026-09-18T15:01:32.503874Z","level":"info","event":"Filling up the DagBag from /opt/airflow/dags/meteo_etl.py","dag_id":"meteo_etl","ti_id":"01a0b509-67f2-76cc-bbfa-308cb761dea5","map_index":-1,"run_id":"manual__2026-09-18T14:22:21.834396+00:00","task_id":"extract","try_number":5,"logger":"airflow.dag_processing.dagbag.BundleDagBag","filename":"dagbag.py","lineno":460}
{"timestamp":"2026-09-18T15:01:33.624974Z","level":"info","event":"Worker startup parse complete","bundle_name":"dags-folder","bundle_version":null,"dag_file":"meteo_etl.py","dag_id":"meteo_etl","bundle_prepare_ms":3,"dag_file_parse_ms":1121,"ti_id":"01a0b509-67f2-76cc-bbfa-308cb761dea5","map_index":-1,"run_id":"manual__2026-09-18T14:22:21.834396+00:00","task_id":"extract","try_number":5,"logger":"task","filename":"task_runner.py","lineno":1073}
{"timestamp":"2026-09-18T15:01:33.658843Z","level":"info","event":"Task instance is in running state","logger":"task.stdout"}
{"timestamp":"2026-09-18T15:01:33.660727Z","level":"info","event":" Previous state of the Task instance: TaskInstanceState.QUEUED","logger":"task.stdout"}
{"timestamp":"2026-09-18T15:01:33.661922Z","level":"info","event":"Current task name:extract","logger":"task.stdout"}
{"timestamp":"2026-09-18T15:01:33.662595Z","level":"info","event":"Dag name:meteo_etl","logger":"task.stdout"}
{"timestamp":"2026-09-18T15:01:33.659252Z","level":"info","event":"::endgroup::","dag_id":"meteo_etl","ti_id":"01a0b509-67f2-76cc-bbfa-308cb761dea5","map_index":-1,"run_id":"manual__2026-09-18T14:22:21.834396+00:00","task_id":"extract","try_number":5,"logger":"task","filename":"task_runner.py","lineno":2232}
{"timestamp":"2026-09-18T15:01:34.428443Z","level":"info","event":"          lat        lng  ... wind_gusts_10m_max  weather_code","logger":"task.stdout"}
{"timestamp":"2026-09-18T15:01:34.428906Z","level":"info","event":"0    33.56250  -7.625000  ...               35.3             3","logger":"task.stdout"}
{"timestamp":"2026-09-18T15:01:34.429466Z","level":"info","event":"1    33.56250  -7.625000  ...               32.8            45","logger":"task.stdout"}
{"timestamp":"2026-09-18T15:01:34.429911Z","level":"info","event":"2    33.56250  -7.625000  ...               31.0             2","logger":"task.stdout"}
{"timestamp":"2026-09-18T15:01:34.430329Z","level":"info","event":"3    33.56250  -7.625000  ...               32.0            45","logger":"task.stdout"}
{"timestamp":"2026-09-18T15:01:34.430813Z","level":"info","event":"4    33.56250  -7.625000  ...               28.4            45","logger":"task.stdout"}
{"timestamp":"2026-09-18T15:01:34.431385Z","level":"info","event":"..        ...        ...  ...                ...           ...","logger":"task.stdout"}
{"timestamp":"2026-09-18T15:01:34.432051Z","level":"info","event":"835  26.18629 -10.559204  ...               25.6             0","logger":"task.stdout"}
{"timestamp":"2026-09-18T15:01:34.432939Z","level":"info","event":"836  26.18629 -10.559204  ...               25.2             1","logger":"task.stdout"}
{"timestamp":"2026-09-18T15:01:34.433518Z","level":"info","event":"837  26.18629 -10.559204  ...               37.1             1","logger":"task.stdout"}
{"timestamp":"2026-09-18T15:01:34.434584Z","level":"info","event":"838  26.18629 -10.559204  ...               41.4             3","logger":"task.stdout"}
{"timestamp":"2026-09-18T15:01:34.435635Z","level":"info","event":"839  26.18629 -10.559204  ...               38.2             3","logger":"task.stdout"}
{"timestamp":"2026-09-18T15:01:34.436307Z","level":"info","event":"","logger":"task.stdout"}
{"timestamp":"2026-09-18T15:01:34.436877Z","level":"info","event":"[840 rows x 10 columns]","logger":"task.stdout"}
{"timestamp":"2026-09-18T15:01:34.460271Z","level":"info","event":"Done. Returned value was: None","dag_id":"meteo_etl","ti_id":"01a0b509-67f2-76cc-bbfa-308cb761dea5","map_index":-1,"run_id":"manual__2026-09-18T14:22:21.834396+00:00","task_id":"extract","try_number":5,"logger":"airflow.task.operators.airflow.providers.standard.decorators.python._PythonDecoratedOperator","filename":"python.py","lineno":233}
{"timestamp":"2026-09-18T15:01:34.460803Z","level":"info","event":"::group::Post Execute","dag_id":"meteo_etl","ti_id":"01a0b509-67f2-76cc-bbfa-308cb761dea5","map_index":-1,"run_id":"manual__2026-09-18T14:22:21.834396+00:00","task_id":"extract","try_number":5,"logger":"task","filename":"task_runner.py","lineno":1580}
{"timestamp":"2026-09-18T15:01:34.486351Z","level":"info","event":"Task instance in success state","logger":"task.stdout"}
{"timestamp":"2026-09-18T15:01:34.493372Z","level":"info","event":" Previous state of the Task instance: TaskInstanceState.RUNNING","logger":"task.stdout"}
{"timestamp":"2026-09-18T15:01:34.494689Z","level":"info","event":"Task operator:<Task(_PythonDecoratedOperator): extract>","logger":"task.stdout"}
{"timestamp":"2026-09-18T15:01:34.486901Z","level":"info","event":"::endgroup::","dag_id":"meteo_etl","ti_id":"01a0b509-67f2-76cc-bbfa-308cb761dea5","map_index":-1,"run_id":"manual__2026-09-18T14:22:21.834396+00:00","task_id":"extract","try_number":5,"logger":"task","filename":"task_runner.py","lineno":2379}
