{"timestamp":"2026-09-18T15:15:27.435436Z","level":"info","event":"::group::Pre Execute","logger":"task","filename":"task_runner.py","lineno":2412}
{"timestamp":"2026-09-18T15:15:27.459768Z","level":"info","event":"DAG bundles loaded: dags-folder, example_dags, apache-airflow-providers-common-sql-example-dags, apache-airflow-providers-standard-example-dags","try_number":2,"ti_id":"01a0b516-36ff-7880-a934-b4d55836f9bc","dag_id":"meteo_etl","map_index":-1,"task_id":"extract","run_id":"manual__2026-09-18T15:13:01.550370+00:00","logger":"airflow.dag_processing.bundles.manager.DagBundlesManager","filename":"manager.py","lineno":304}
{"timestamp":"2026-09-18T15:15:27.461291Z","level":"info","event":"Filling up the DagBag from /opt/airflow/dags/meteo_etl.py","try_number":2,"ti_id":"01a0b516-36ff-7880-a934-b4d55836f9bc","dag_id":"meteo_etl","map_index":-1,"task_id":"extract","run_id":"manual__2026-09-18T15:13:01.550370+00:00","logger":"airflow.dag_processing.dagbag.BundleDagBag","filename":"dagbag.py","lineno":460}
{"timestamp":"2026-09-18T15:15:27.753006Z","level":"info","event":"Worker startup parse complete","bundle_name":"dags-folder","bundle_version":null,"dag_file":"meteo_etl.py","dag_id":"meteo_etl","bundle_prepare_ms":2,"dag_file_parse_ms":291,"try_number":2,"ti_id":"01a0b516-36ff-7880-a934-b4d55836f9bc","map_index":-1,"task_id":"extract","run_id":"manual__2026-09-18T15:13:01.550370+00:00","logger":"task","filename":"task_runner.py","lineno":1073}
{"timestamp":"2026-09-18T15:15:27.771211Z","level":"info","event":"Task instance is in running state","logger":"task.stdout"}
{"timestamp":"2026-09-18T15:15:27.772595Z","level":"info","event":" Previous state of the Task instance: TaskInstanceState.QUEUED","logger":"task.stdout"}
{"timestamp":"2026-09-18T15:15:27.773235Z","level":"info","event":"Current task name:extract","logger":"task.stdout"}
{"timestamp":"2026-09-18T15:15:27.773783Z","level":"info","event":"Dag name:meteo_etl","logger":"task.stdout"}
{"timestamp":"2026-09-18T15:15:27.771756Z","level":"info","event":"::endgroup::","try_number":2,"ti_id":"01a0b516-36ff-7880-a934-b4d55836f9bc","dag_id":"meteo_etl","map_index":-1,"task_id":"extract","run_id":"manual__2026-09-18T15:13:01.550370+00:00","logger":"task","filename":"task_runner.py","lineno":2232}
{"timestamp":"2026-09-18T15:15:28.551997Z","level":"info","event":"          lat        lng  ... wind_gusts_10m_max  weather_code","logger":"task.stdout"}
{"timestamp":"2026-09-18T15:15:28.557277Z","level":"info","event":"0    33.56250  -7.625000  ...               35.3             3","logger":"task.stdout"}
{"timestamp":"2026-09-18T15:15:28.558099Z","level":"info","event":"1    33.56250  -7.625000  ...               32.8            45","logger":"task.stdout"}
{"timestamp":"2026-09-18T15:15:28.559200Z","level":"info","event":"2    33.56250  -7.625000  ...               31.0             2","logger":"task.stdout"}
{"timestamp":"2026-09-18T15:15:28.559728Z","level":"info","event":"3    33.56250  -7.625000  ...               32.0            45","logger":"task.stdout"}
{"timestamp":"2026-09-18T15:15:28.560857Z","level":"info","event":"4    33.56250  -7.625000  ...               28.4            45","logger":"task.stdout"}
{"timestamp":"2026-09-18T15:15:28.561335Z","level":"info","event":"..        ...        ...  ...                ...           ...","logger":"task.stdout"}
{"timestamp":"2026-09-18T15:15:28.561800Z","level":"info","event":"835  26.18629 -10.559204  ...               25.6             0","logger":"task.stdout"}
{"timestamp":"2026-09-18T15:15:28.562176Z","level":"info","event":"836  26.18629 -10.559204  ...               25.2             1","logger":"task.stdout"}
{"timestamp":"2026-09-18T15:15:28.562601Z","level":"info","event":"837  26.18629 -10.559204  ...               37.1             1","logger":"task.stdout"}
{"timestamp":"2026-09-18T15:15:28.563124Z","level":"info","event":"838  26.18629 -10.559204  ...               41.4             3","logger":"task.stdout"}
{"timestamp":"2026-09-18T15:15:28.563515Z","level":"info","event":"839  26.18629 -10.559204  ...               38.2             3","logger":"task.stdout"}
{"timestamp":"2026-09-18T15:15:28.563902Z","level":"info","event":"","logger":"task.stdout"}
{"timestamp":"2026-09-18T15:15:28.564475Z","level":"info","event":"[840 rows x 10 columns]","logger":"task.stdout"}
{"timestamp":"2026-09-18T15:15:28.577781Z","level":"info","event":"Done. Returned value was: None","try_number":2,"ti_id":"01a0b516-36ff-7880-a934-b4d55836f9bc","dag_id":"meteo_etl","map_index":-1,"task_id":"extract","run_id":"manual__2026-09-18T15:13:01.550370+00:00","logger":"airflow.task.operators.airflow.providers.standard.decorators.python._PythonDecoratedOperator","filename":"python.py","lineno":233}
{"timestamp":"2026-09-18T15:15:28.578027Z","level":"info","event":"::group::Post Execute","try_number":2,"ti_id":"01a0b516-36ff-7880-a934-b4d55836f9bc","dag_id":"meteo_etl","map_index":-1,"task_id":"extract","run_id":"manual__2026-09-18T15:13:01.550370+00:00","logger":"task","filename":"task_runner.py","lineno":1580}
{"timestamp":"2026-09-18T15:15:28.604414Z","level":"info","event":"Task instance in success state","logger":"task.stdout"}
{"timestamp":"2026-09-18T15:15:28.605358Z","level":"info","event":" Previous state of the Task instance: TaskInstanceState.RUNNING","logger":"task.stdout"}
{"timestamp":"2026-09-18T15:15:28.607437Z","level":"info","event":"Task operator:<Task(_PythonDecoratedOperator): extract>","logger":"task.stdout"}
{"timestamp":"2026-09-18T15:15:28.604955Z","level":"info","event":"::endgroup::","try_number":2,"ti_id":"01a0b516-36ff-7880-a934-b4d55836f9bc","dag_id":"meteo_etl","map_index":-1,"task_id":"extract","run_id":"manual__2026-09-18T15:13:01.550370+00:00","logger":"task","filename":"task_runner.py","lineno":2379}
