{"timestamp":"2026-09-18T15:13:02.563123Z","level":"info","event":"::group::Pre Execute","logger":"task","filename":"task_runner.py","lineno":2412}
{"timestamp":"2026-09-18T15:13:02.583438Z","level":"info","event":"DAG bundles loaded: dags-folder, example_dags, apache-airflow-providers-common-sql-example-dags, apache-airflow-providers-standard-example-dags","dag_id":"meteo_etl","try_number":1,"map_index":-1,"run_id":"manual__2026-09-18T15:13:01.550370+00:00","task_id":"extract","ti_id":"01a0b513-fe88-71f6-ba92-05646695ac56","logger":"airflow.dag_processing.bundles.manager.DagBundlesManager","filename":"manager.py","lineno":304}
{"timestamp":"2026-09-18T15:13:02.585093Z","level":"info","event":"Filling up the DagBag from /opt/airflow/dags/meteo_etl.py","dag_id":"meteo_etl","try_number":1,"map_index":-1,"run_id":"manual__2026-09-18T15:13:01.550370+00:00","task_id":"extract","ti_id":"01a0b513-fe88-71f6-ba92-05646695ac56","logger":"airflow.dag_processing.dagbag.BundleDagBag","filename":"dagbag.py","lineno":460}
{"timestamp":"2026-09-18T15:13:02.853804Z","level":"info","event":"Worker startup parse complete","bundle_name":"dags-folder","bundle_version":null,"dag_file":"meteo_etl.py","dag_id":"meteo_etl","bundle_prepare_ms":2,"dag_file_parse_ms":268,"try_number":1,"map_index":-1,"run_id":"manual__2026-09-18T15:13:01.550370+00:00","task_id":"extract","ti_id":"01a0b513-fe88-71f6-ba92-05646695ac56","logger":"task","filename":"task_runner.py","lineno":1073}
{"timestamp":"2026-09-18T15:13:02.878415Z","level":"info","event":"Task instance is in running state","logger":"task.stdout"}
{"timestamp":"2026-09-18T15:13:02.879448Z","level":"info","event":" Previous state of the Task instance: TaskInstanceState.QUEUED","logger":"task.stdout"}
{"timestamp":"2026-09-18T15:13:02.880496Z","level":"info","event":"Current task name:extract","logger":"task.stdout"}
{"timestamp":"2026-09-18T15:13:02.881286Z","level":"info","event":"Dag name:meteo_etl","logger":"task.stdout"}
{"timestamp":"2026-09-18T15:13:02.878975Z","level":"info","event":"::endgroup::","dag_id":"meteo_etl","try_number":1,"map_index":-1,"run_id":"manual__2026-09-18T15:13:01.550370+00:00","task_id":"extract","ti_id":"01a0b513-fe88-71f6-ba92-05646695ac56","logger":"task","filename":"task_runner.py","lineno":2232}
{"timestamp":"2026-09-18T15:13:03.784876Z","level":"info","event":"          lat        lng  ... wind_gusts_10m_max  weather_code","logger":"task.stdout"}
{"timestamp":"2026-09-18T15:13:03.786094Z","level":"info","event":"0    33.56250  -7.625000  ...               35.3             3","logger":"task.stdout"}
{"timestamp":"2026-09-18T15:13:03.786962Z","level":"info","event":"1    33.56250  -7.625000  ...               32.8            45","logger":"task.stdout"}
{"timestamp":"2026-09-18T15:13:03.787832Z","level":"info","event":"2    33.56250  -7.625000  ...               31.0             2","logger":"task.stdout"}
{"timestamp":"2026-09-18T15:13:03.788654Z","level":"info","event":"3    33.56250  -7.625000  ...               32.0            45","logger":"task.stdout"}
{"timestamp":"2026-09-18T15:13:03.789230Z","level":"info","event":"4    33.56250  -7.625000  ...               28.4            45","logger":"task.stdout"}
{"timestamp":"2026-09-18T15:13:03.790023Z","level":"info","event":"..        ...        ...  ...                ...           ...","logger":"task.stdout"}
{"timestamp":"2026-09-18T15:13:03.790704Z","level":"info","event":"835  26.18629 -10.559204  ...               25.6             0","logger":"task.stdout"}
{"timestamp":"2026-09-18T15:13:03.791364Z","level":"info","event":"836  26.18629 -10.559204  ...               25.2             1","logger":"task.stdout"}
{"timestamp":"2026-09-18T15:13:03.792017Z","level":"info","event":"837  26.18629 -10.559204  ...               37.1             1","logger":"task.stdout"}
{"timestamp":"2026-09-18T15:13:03.793046Z","level":"info","event":"838  26.18629 -10.559204  ...               41.4             3","logger":"task.stdout"}
{"timestamp":"2026-09-18T15:13:03.794046Z","level":"info","event":"839  26.18629 -10.559204  ...               38.2             3","logger":"task.stdout"}
{"timestamp":"2026-09-18T15:13:03.794989Z","level":"info","event":"","logger":"task.stdout"}
{"timestamp":"2026-09-18T15:13:03.795795Z","level":"info","event":"[840 rows x 10 columns]","logger":"task.stdout"}
{"timestamp":"2026-09-18T15:13:03.799569Z","level":"info","event":"Done. Returned value was: None","dag_id":"meteo_etl","try_number":1,"map_index":-1,"run_id":"manual__2026-09-18T15:13:01.550370+00:00","task_id":"extract","ti_id":"01a0b513-fe88-71f6-ba92-05646695ac56","logger":"airflow.task.operators.airflow.providers.standard.decorators.python._PythonDecoratedOperator","filename":"python.py","lineno":233}
{"timestamp":"2026-09-18T15:13:03.799769Z","level":"info","event":"::group::Post Execute","dag_id":"meteo_etl","try_number":1,"map_index":-1,"run_id":"manual__2026-09-18T15:13:01.550370+00:00","task_id":"extract","ti_id":"01a0b513-fe88-71f6-ba92-05646695ac56","logger":"task","filename":"task_runner.py","lineno":1580}
{"timestamp":"2026-09-18T15:13:03.825405Z","level":"info","event":"Task instance in success state","logger":"task.stdout"}
{"timestamp":"2026-09-18T15:13:03.826643Z","level":"info","event":" Previous state of the Task instance: TaskInstanceState.RUNNING","logger":"task.stdout"}
{"timestamp":"2026-09-18T15:13:03.827722Z","level":"info","event":"Task operator:<Task(_PythonDecoratedOperator): extract>","logger":"task.stdout"}
{"timestamp":"2026-09-18T15:13:03.825928Z","level":"info","event":"::endgroup::","dag_id":"meteo_etl","try_number":1,"map_index":-1,"run_id":"manual__2026-09-18T15:13:01.550370+00:00","task_id":"extract","ti_id":"01a0b513-fe88-71f6-ba92-05646695ac56","logger":"task","filename":"task_runner.py","lineno":2379}
