{"timestamp":"2026-09-18T15:40:42.503832Z","level":"info","event":"::group::Pre Execute","logger":"task","filename":"task_runner.py","lineno":2412}
{"timestamp":"2026-09-18T15:40:45.927341Z","level":"info","event":"DAG bundles loaded: dags-folder, example_dags, apache-airflow-providers-common-sql-example-dags, apache-airflow-providers-standard-example-dags","dag_id":"meteo_etl","ti_id":"01a0b52d-5294-7243-b0c0-e32b24de446f","try_number":1,"map_index":-1,"task_id":"extract","run_id":"manual__2026-09-18T15:40:41.460951+00:00","logger":"airflow.dag_processing.bundles.manager.DagBundlesManager","filename":"manager.py","lineno":304}
{"timestamp":"2026-09-18T15:40:45.930209Z","level":"info","event":"Filling up the DagBag from /opt/airflow/dags/meteo_etl.py","dag_id":"meteo_etl","ti_id":"01a0b52d-5294-7243-b0c0-e32b24de446f","try_number":1,"map_index":-1,"task_id":"extract","run_id":"manual__2026-09-18T15:40:41.460951+00:00","logger":"airflow.dag_processing.dagbag.BundleDagBag","filename":"dagbag.py","lineno":460}
{"timestamp":"2026-09-18T15:40:46.990168Z","level":"info","event":"Worker startup parse complete","bundle_name":"dags-folder","bundle_version":null,"dag_file":"meteo_etl.py","dag_id":"meteo_etl","bundle_prepare_ms":4,"dag_file_parse_ms":1059,"ti_id":"01a0b52d-5294-7243-b0c0-e32b24de446f","try_number":1,"map_index":-1,"task_id":"extract","run_id":"manual__2026-09-18T15:40:41.460951+00:00","logger":"task","filename":"task_runner.py","lineno":1073}
{"timestamp":"2026-09-18T15:40:47.027151Z","level":"info","event":"Task instance is in running state","logger":"task.stdout"}
{"timestamp":"2026-09-18T15:40:47.029028Z","level":"info","event":" Previous state of the Task instance: TaskInstanceState.QUEUED","logger":"task.stdout"}
{"timestamp":"2026-09-18T15:40:47.030125Z","level":"info","event":"Current task name:extract","logger":"task.stdout"}
{"timestamp":"2026-09-18T15:40:47.031057Z","level":"info","event":"Dag name:meteo_etl","logger":"task.stdout"}
{"timestamp":"2026-09-18T15:40:47.027486Z","level":"info","event":"::endgroup::","dag_id":"meteo_etl","ti_id":"01a0b52d-5294-7243-b0c0-e32b24de446f","try_number":1,"map_index":-1,"task_id":"extract","run_id":"manual__2026-09-18T15:40:41.460951+00:00","logger":"task","filename":"task_runner.py","lineno":2232}
{"timestamp":"2026-09-18T15:40:47.870825Z","level":"info","event":"          lat        lng  ... wind_gusts_10m_max  weather_code","logger":"task.stdout"}
{"timestamp":"2026-09-18T15:40:47.872602Z","level":"info","event":"0    33.56250  -7.625000  ...               35.3             3","logger":"task.stdout"}
{"timestamp":"2026-09-18T15:40:47.874469Z","level":"info","event":"1    33.56250  -7.625000  ...               32.8            45","logger":"task.stdout"}
{"timestamp":"2026-09-18T15:40:47.875648Z","level":"info","event":"2    33.56250  -7.625000  ...               31.0             2","logger":"task.stdout"}
{"timestamp":"2026-09-18T15:40:47.877556Z","level":"info","event":"3    33.56250  -7.625000  ...               32.0            45","logger":"task.stdout"}
{"timestamp":"2026-09-18T15:40:47.878553Z","level":"info","event":"4    33.56250  -7.625000  ...               28.4            45","logger":"task.stdout"}
{"timestamp":"2026-09-18T15:40:47.879311Z","level":"info","event":"..        ...        ...  ...                ...           ...","logger":"task.stdout"}
{"timestamp":"2026-09-18T15:40:47.880024Z","level":"info","event":"835  26.18629 -10.559204  ...               25.6             0","logger":"task.stdout"}
{"timestamp":"2026-09-18T15:40:47.880596Z","level":"info","event":"836  26.18629 -10.559204  ...               25.2             1","logger":"task.stdout"}
{"timestamp":"2026-09-18T15:40:47.881510Z","level":"info","event":"837  26.18629 -10.559204  ...               37.1             1","logger":"task.stdout"}
{"timestamp":"2026-09-18T15:40:47.882577Z","level":"info","event":"838  26.18629 -10.559204  ...               41.4             3","logger":"task.stdout"}
{"timestamp":"2026-09-18T15:40:47.883509Z","level":"info","event":"839  26.18629 -10.559204  ...               38.2             3","logger":"task.stdout"}
{"timestamp":"2026-09-18T15:40:47.884342Z","level":"info","event":"","logger":"task.stdout"}
{"timestamp":"2026-09-18T15:40:47.885619Z","level":"info","event":"[840 rows x 10 columns]","logger":"task.stdout"}
{"timestamp":"2026-09-18T15:40:47.888920Z","level":"info","event":"Done. Returned value was: None","dag_id":"meteo_etl","ti_id":"01a0b52d-5294-7243-b0c0-e32b24de446f","try_number":1,"map_index":-1,"task_id":"extract","run_id":"manual__2026-09-18T15:40:41.460951+00:00","logger":"airflow.task.operators.airflow.providers.standard.decorators.python._PythonDecoratedOperator","filename":"python.py","lineno":233}
{"timestamp":"2026-09-18T15:40:47.889094Z","level":"info","event":"::group::Post Execute","dag_id":"meteo_etl","ti_id":"01a0b52d-5294-7243-b0c0-e32b24de446f","try_number":1,"map_index":-1,"task_id":"extract","run_id":"manual__2026-09-18T15:40:41.460951+00:00","logger":"task","filename":"task_runner.py","lineno":1580}
{"timestamp":"2026-09-18T15:40:47.917091Z","level":"info","event":"Task instance in success state","logger":"task.stdout"}
{"timestamp":"2026-09-18T15:40:47.918546Z","level":"info","event":" Previous state of the Task instance: TaskInstanceState.RUNNING","logger":"task.stdout"}
{"timestamp":"2026-09-18T15:40:47.919432Z","level":"info","event":"Task operator:<Task(_PythonDecoratedOperator): extract>","logger":"task.stdout"}
{"timestamp":"2026-09-18T15:40:47.917321Z","level":"info","event":"::endgroup::","dag_id":"meteo_etl","ti_id":"01a0b52d-5294-7243-b0c0-e32b24de446f","try_number":1,"map_index":-1,"task_id":"extract","run_id":"manual__2026-09-18T15:40:41.460951+00:00","logger":"task","filename":"task_runner.py","lineno":2379}
