{"timestamp":"2026-09-18T15:49:08.805386Z","level":"info","event":"::group::Pre Execute","logger":"task","filename":"task_runner.py","lineno":2412}
{"timestamp":"2026-09-18T15:49:12.568847Z","level":"info","event":"DAG bundles loaded: dags-folder, example_dags, apache-airflow-providers-common-sql-example-dags, apache-airflow-providers-standard-example-dags","ti_id":"01a0b535-0c02-7aa6-b399-652f92143198","map_index":-1,"run_id":"manual__2026-09-18T15:49:07.678971+00:00","dag_id":"meteo_etl","task_id":"extract","try_number":1,"logger":"airflow.dag_processing.bundles.manager.DagBundlesManager","filename":"manager.py","lineno":304}
{"timestamp":"2026-09-18T15:49:12.575735Z","level":"info","event":"Filling up the DagBag from /opt/airflow/dags/meteo_etl.py","ti_id":"01a0b535-0c02-7aa6-b399-652f92143198","map_index":-1,"run_id":"manual__2026-09-18T15:49:07.678971+00:00","dag_id":"meteo_etl","task_id":"extract","try_number":1,"logger":"airflow.dag_processing.dagbag.BundleDagBag","filename":"dagbag.py","lineno":460}
{"timestamp":"2026-09-18T15:49:13.800782Z","level":"info","event":"Worker startup parse complete","bundle_name":"dags-folder","bundle_version":null,"dag_file":"meteo_etl.py","dag_id":"meteo_etl","bundle_prepare_ms":7,"dag_file_parse_ms":1225,"ti_id":"01a0b535-0c02-7aa6-b399-652f92143198","map_index":-1,"run_id":"manual__2026-09-18T15:49:07.678971+00:00","task_id":"extract","try_number":1,"logger":"task","filename":"task_runner.py","lineno":1073}
{"timestamp":"2026-09-18T15:49:13.852285Z","level":"info","event":"Task instance is in running state","logger":"task.stdout"}
{"timestamp":"2026-09-18T15:49:13.853485Z","level":"info","event":" Previous state of the Task instance: TaskInstanceState.QUEUED","logger":"task.stdout"}
{"timestamp":"2026-09-18T15:49:13.854317Z","level":"info","event":"Current task name:extract","logger":"task.stdout"}
{"timestamp":"2026-09-18T15:49:13.854897Z","level":"info","event":"Dag name:meteo_etl","logger":"task.stdout"}
{"timestamp":"2026-09-18T15:49:13.853071Z","level":"info","event":"::endgroup::","ti_id":"01a0b535-0c02-7aa6-b399-652f92143198","map_index":-1,"run_id":"manual__2026-09-18T15:49:07.678971+00:00","dag_id":"meteo_etl","task_id":"extract","try_number":1,"logger":"task","filename":"task_runner.py","lineno":2232}
{"timestamp":"2026-09-18T15:49:14.600753Z","level":"info","event":"          lat        lng  ... wind_gusts_10m_max  weather_code","logger":"task.stdout"}
{"timestamp":"2026-09-18T15:49:14.601658Z","level":"info","event":"0    33.56250  -7.625000  ...               35.3             3","logger":"task.stdout"}
{"timestamp":"2026-09-18T15:49:14.602478Z","level":"info","event":"1    33.56250  -7.625000  ...               32.8            45","logger":"task.stdout"}
{"timestamp":"2026-09-18T15:49:14.603028Z","level":"info","event":"2    33.56250  -7.625000  ...               31.0             2","logger":"task.stdout"}
{"timestamp":"2026-09-18T15:49:14.603647Z","level":"info","event":"3    33.56250  -7.625000  ...               32.0            45","logger":"task.stdout"}
{"timestamp":"2026-09-18T15:49:14.604171Z","level":"info","event":"4    33.56250  -7.625000  ...               28.4            45","logger":"task.stdout"}
{"timestamp":"2026-09-18T15:49:14.604755Z","level":"info","event":"..        ...        ...  ...                ...           ...","logger":"task.stdout"}
{"timestamp":"2026-09-18T15:49:14.605404Z","level":"info","event":"835  26.18629 -10.559204  ...               25.6             0","logger":"task.stdout"}
{"timestamp":"2026-09-18T15:49:14.609007Z","level":"info","event":"836  26.18629 -10.559204  ...               25.2             1","logger":"task.stdout"}
{"timestamp":"2026-09-18T15:49:14.609999Z","level":"info","event":"837  26.18629 -10.559204  ...               37.1             1","logger":"task.stdout"}
{"timestamp":"2026-09-18T15:49:14.612895Z","level":"info","event":"838  26.18629 -10.559204  ...               41.4             3","logger":"task.stdout"}
{"timestamp":"2026-09-18T15:49:14.614701Z","level":"info","event":"839  26.18629 -10.559204  ...               38.2             3","logger":"task.stdout"}
{"timestamp":"2026-09-18T15:49:14.618498Z","level":"info","event":"","logger":"task.stdout"}
{"timestamp":"2026-09-18T15:49:14.633268Z","level":"info","event":"[840 rows x 10 columns]","logger":"task.stdout"}
{"timestamp":"2026-09-18T15:49:14.667534Z","level":"info","event":"Done. Returned value was: None","ti_id":"01a0b535-0c02-7aa6-b399-652f92143198","map_index":-1,"run_id":"manual__2026-09-18T15:49:07.678971+00:00","dag_id":"meteo_etl","task_id":"extract","try_number":1,"logger":"airflow.task.operators.airflow.providers.standard.decorators.python._PythonDecoratedOperator","filename":"python.py","lineno":233}
{"timestamp":"2026-09-18T15:49:14.667878Z","level":"info","event":"::group::Post Execute","ti_id":"01a0b535-0c02-7aa6-b399-652f92143198","map_index":-1,"run_id":"manual__2026-09-18T15:49:07.678971+00:00","dag_id":"meteo_etl","task_id":"extract","try_number":1,"logger":"task","filename":"task_runner.py","lineno":1580}
{"timestamp":"2026-09-18T15:49:14.701120Z","level":"info","event":"Task instance in success state","logger":"task.stdout"}
{"timestamp":"2026-09-18T15:49:14.704298Z","level":"info","event":" Previous state of the Task instance: TaskInstanceState.RUNNING","logger":"task.stdout"}
{"timestamp":"2026-09-18T15:49:14.705430Z","level":"info","event":"Task operator:<Task(_PythonDecoratedOperator): extract>","logger":"task.stdout"}
{"timestamp":"2026-09-18T15:49:14.701394Z","level":"info","event":"::endgroup::","ti_id":"01a0b535-0c02-7aa6-b399-652f92143198","map_index":-1,"run_id":"manual__2026-09-18T15:49:07.678971+00:00","dag_id":"meteo_etl","task_id":"extract","try_number":1,"logger":"task","filename":"task_runner.py","lineno":2379}
