{"timestamp":"2026-09-18T16:00:19.306842Z","level":"info","event":"::group::Pre Execute","logger":"task","filename":"task_runner.py","lineno":2412}
{"timestamp":"2026-09-18T16:00:22.667927Z","level":"info","event":"DAG bundles loaded: dags-folder, example_dags, apache-airflow-providers-common-sql-example-dags, apache-airflow-providers-standard-example-dags","task_id":"extract","map_index":-1,"try_number":2,"run_id":"manual__2026-09-18T15:49:07.678971+00:00","ti_id":"01a0b53f-4793-787b-b20d-9af2d405a44f","dag_id":"meteo_etl","logger":"airflow.dag_processing.bundles.manager.DagBundlesManager","filename":"manager.py","lineno":304}
{"timestamp":"2026-09-18T16:00:22.670232Z","level":"info","event":"Filling up the DagBag from /opt/airflow/dags/meteo_etl.py","task_id":"extract","map_index":-1,"try_number":2,"run_id":"manual__2026-09-18T15:49:07.678971+00:00","ti_id":"01a0b53f-4793-787b-b20d-9af2d405a44f","dag_id":"meteo_etl","logger":"airflow.dag_processing.dagbag.BundleDagBag","filename":"dagbag.py","lineno":460}
{"timestamp":"2026-09-18T16:00:22.916913Z","level":"info","event":"Worker startup parse complete","bundle_name":"dags-folder","bundle_version":null,"dag_file":"meteo_etl.py","dag_id":"meteo_etl","bundle_prepare_ms":3,"dag_file_parse_ms":246,"task_id":"extract","map_index":-1,"try_number":2,"run_id":"manual__2026-09-18T15:49:07.678971+00:00","ti_id":"01a0b53f-4793-787b-b20d-9af2d405a44f","logger":"task","filename":"task_runner.py","lineno":1073}
{"timestamp":"2026-09-18T16:00:22.952403Z","level":"info","event":"Task instance is in running state","logger":"task.stdout"}
{"timestamp":"2026-09-18T16:00:22.953529Z","level":"info","event":" Previous state of the Task instance: TaskInstanceState.QUEUED","logger":"task.stdout"}
{"timestamp":"2026-09-18T16:00:22.954133Z","level":"info","event":"Current task name:extract","logger":"task.stdout"}
{"timestamp":"2026-09-18T16:00:22.954732Z","level":"info","event":"Dag name:meteo_etl","logger":"task.stdout"}
{"timestamp":"2026-09-18T16:00:22.953009Z","level":"info","event":"::endgroup::","task_id":"extract","map_index":-1,"try_number":2,"run_id":"manual__2026-09-18T15:49:07.678971+00:00","ti_id":"01a0b53f-4793-787b-b20d-9af2d405a44f","dag_id":"meteo_etl","logger":"task","filename":"task_runner.py","lineno":2232}
{"timestamp":"2026-09-18T16:00:46.590001Z","level":"info","event":"          lat        lng  ... wind_gusts_10m_max  weather_code","logger":"task.stdout"}
{"timestamp":"2026-09-18T16:00:46.592575Z","level":"info","event":"0    33.56250  -7.625000  ...               35.3             3","logger":"task.stdout"}
{"timestamp":"2026-09-18T16:00:46.593433Z","level":"info","event":"1    33.56250  -7.625000  ...               32.8            45","logger":"task.stdout"}
{"timestamp":"2026-09-18T16:00:46.594910Z","level":"info","event":"2    33.56250  -7.625000  ...               31.0             2","logger":"task.stdout"}
{"timestamp":"2026-09-18T16:00:46.596200Z","level":"info","event":"3    33.56250  -7.625000  ...               32.0            45","logger":"task.stdout"}
{"timestamp":"2026-09-18T16:00:46.599782Z","level":"info","event":"4    33.56250  -7.625000  ...               28.4            45","logger":"task.stdout"}
{"timestamp":"2026-09-18T16:00:46.600611Z","level":"info","event":"..        ...        ...  ...                ...           ...","logger":"task.stdout"}
{"timestamp":"2026-09-18T16:00:46.601225Z","level":"info","event":"835  26.18629 -10.559204  ...               25.6             0","logger":"task.stdout"}
{"timestamp":"2026-09-18T16:00:46.602083Z","level":"info","event":"836  26.18629 -10.559204  ...               25.2             1","logger":"task.stdout"}
{"timestamp":"2026-09-18T16:00:46.603561Z","level":"info","event":"837  26.18629 -10.559204  ...               37.1             1","logger":"task.stdout"}
{"timestamp":"2026-09-18T16:00:46.604264Z","level":"info","event":"838  26.18629 -10.559204  ...               41.4             3","logger":"task.stdout"}
{"timestamp":"2026-09-18T16:00:46.604842Z","level":"info","event":"839  26.18629 -10.559204  ...               38.2             3","logger":"task.stdout"}
{"timestamp":"2026-09-18T16:00:46.605363Z","level":"info","event":"","logger":"task.stdout"}
{"timestamp":"2026-09-18T16:00:46.605762Z","level":"info","event":"[840 rows x 10 columns]","logger":"task.stdout"}
{"timestamp":"2026-09-18T16:00:46.604968Z","level":"info","event":"Done. Returned value was: None","task_id":"extract","map_index":-1,"try_number":2,"run_id":"manual__2026-09-18T15:49:07.678971+00:00","ti_id":"01a0b53f-4793-787b-b20d-9af2d405a44f","dag_id":"meteo_etl","logger":"airflow.task.operators.airflow.providers.standard.decorators.python._PythonDecoratedOperator","filename":"python.py","lineno":233}
{"timestamp":"2026-09-18T16:00:46.605210Z","level":"info","event":"::group::Post Execute","task_id":"extract","map_index":-1,"try_number":2,"run_id":"manual__2026-09-18T15:49:07.678971+00:00","ti_id":"01a0b53f-4793-787b-b20d-9af2d405a44f","dag_id":"meteo_etl","logger":"task","filename":"task_runner.py","lineno":1580}
{"timestamp":"2026-09-18T16:00:46.635725Z","level":"info","event":"Task instance in success state","logger":"task.stdout"}
{"timestamp":"2026-09-18T16:00:46.636976Z","level":"info","event":" Previous state of the Task instance: TaskInstanceState.RUNNING","logger":"task.stdout"}
{"timestamp":"2026-09-18T16:00:46.638332Z","level":"info","event":"Task operator:<Task(_PythonDecoratedOperator): extract>","logger":"task.stdout"}
{"timestamp":"2026-09-18T16:00:46.636189Z","level":"info","event":"::endgroup::","task_id":"extract","map_index":-1,"try_number":2,"run_id":"manual__2026-09-18T15:49:07.678971+00:00","ti_id":"01a0b53f-4793-787b-b20d-9af2d405a44f","dag_id":"meteo_etl","logger":"task","filename":"task_runner.py","lineno":2379}
