{"timestamp":"2026-09-18T16:01:55.779800Z","level":"info","event":"::group::Pre Execute","logger":"task","filename":"task_runner.py","lineno":2412}
{"timestamp":"2026-09-18T16:01:59.384845Z","level":"info","event":"DAG bundles loaded: dags-folder, example_dags, apache-airflow-providers-common-sql-example-dags, apache-airflow-providers-standard-example-dags","map_index":-1,"run_id":"manual__2026-09-18T15:49:07.678971+00:00","dag_id":"meteo_etl","try_number":3,"ti_id":"01a0b540-bf92-76fd-add5-f6efd4374c0e","task_id":"extract","logger":"airflow.dag_processing.bundles.manager.DagBundlesManager","filename":"manager.py","lineno":304}
{"timestamp":"2026-09-18T16:01:59.386897Z","level":"info","event":"Filling up the DagBag from /opt/airflow/dags/meteo_etl.py","map_index":-1,"run_id":"manual__2026-09-18T15:49:07.678971+00:00","dag_id":"meteo_etl","try_number":3,"ti_id":"01a0b540-bf92-76fd-add5-f6efd4374c0e","task_id":"extract","logger":"airflow.dag_processing.dagbag.BundleDagBag","filename":"dagbag.py","lineno":460}
{"timestamp":"2026-09-18T16:01:59.648805Z","level":"info","event":"Worker startup parse complete","bundle_name":"dags-folder","bundle_version":null,"dag_file":"meteo_etl.py","dag_id":"meteo_etl","bundle_prepare_ms":3,"dag_file_parse_ms":262,"map_index":-1,"run_id":"manual__2026-09-18T15:49:07.678971+00:00","try_number":3,"ti_id":"01a0b540-bf92-76fd-add5-f6efd4374c0e","task_id":"extract","logger":"task","filename":"task_runner.py","lineno":1073}
{"timestamp":"2026-09-18T16:01:59.685114Z","level":"info","event":"Task instance is in running state","logger":"task.stdout"}
{"timestamp":"2026-09-18T16:01:59.687265Z","level":"info","event":" Previous state of the Task instance: TaskInstanceState.QUEUED","logger":"task.stdout"}
{"timestamp":"2026-09-18T16:01:59.688597Z","level":"info","event":"Current task name:extract","logger":"task.stdout"}
{"timestamp":"2026-09-18T16:01:59.689754Z","level":"info","event":"Dag name:meteo_etl","logger":"task.stdout"}
{"timestamp":"2026-09-18T16:01:59.685409Z","level":"info","event":"::endgroup::","map_index":-1,"run_id":"manual__2026-09-18T15:49:07.678971+00:00","dag_id":"meteo_etl","try_number":3,"ti_id":"01a0b540-bf92-76fd-add5-f6efd4374c0e","task_id":"extract","logger":"task","filename":"task_runner.py","lineno":2232}
{"timestamp":"2026-09-18T16:02:00.460849Z","level":"info","event":"          lat        lng  ... wind_gusts_10m_max  weather_code","logger":"task.stdout"}
{"timestamp":"2026-09-18T16:02:00.462237Z","level":"info","event":"0    33.56250  -7.625000  ...               35.3             3","logger":"task.stdout"}
{"timestamp":"2026-09-18T16:02:00.463315Z","level":"info","event":"1    33.56250  -7.625000  ...               32.8            45","logger":"task.stdout"}
{"timestamp":"2026-09-18T16:02:00.464163Z","level":"info","event":"2    33.56250  -7.625000  ...               31.0             2","logger":"task.stdout"}
{"timestamp":"2026-09-18T16:02:00.465138Z","level":"info","event":"3    33.56250  -7.625000  ...               32.0            45","logger":"task.stdout"}
{"timestamp":"2026-09-18T16:02:00.465890Z","level":"info","event":"4    33.56250  -7.625000  ...               28.4            45","logger":"task.stdout"}
{"timestamp":"2026-09-18T16:02:00.466691Z","level":"info","event":"..        ...        ...  ...                ...           ...","logger":"task.stdout"}
{"timestamp":"2026-09-18T16:02:00.467418Z","level":"info","event":"835  26.18629 -10.559204  ...               25.6             0","logger":"task.stdout"}
{"timestamp":"2026-09-18T16:02:00.467975Z","level":"info","event":"836  26.18629 -10.559204  ...               25.2             1","logger":"task.stdout"}
{"timestamp":"2026-09-18T16:02:00.468492Z","level":"info","event":"837  26.18629 -10.559204  ...               37.1             1","logger":"task.stdout"}
{"timestamp":"2026-09-18T16:02:00.469002Z","level":"info","event":"838  26.18629 -10.559204  ...               41.4             3","logger":"task.stdout"}
{"timestamp":"2026-09-18T16:02:00.470931Z","level":"info","event":"839  26.18629 -10.559204  ...               38.2             3","logger":"task.stdout"}
{"timestamp":"2026-09-18T16:02:00.471505Z","level":"info","event":"","logger":"task.stdout"}
{"timestamp":"2026-09-18T16:02:00.472129Z","level":"info","event":"[840 rows x 10 columns]","logger":"task.stdout"}
{"timestamp":"2026-09-18T16:02:00.478078Z","level":"info","event":"Done. Returned value was: None","map_index":-1,"run_id":"manual__2026-09-18T15:49:07.678971+00:00","dag_id":"meteo_etl","try_number":3,"ti_id":"01a0b540-bf92-76fd-add5-f6efd4374c0e","task_id":"extract","logger":"airflow.task.operators.airflow.providers.standard.decorators.python._PythonDecoratedOperator","filename":"python.py","lineno":233}
{"timestamp":"2026-09-18T16:02:00.478262Z","level":"info","event":"::group::Post Execute","map_index":-1,"run_id":"manual__2026-09-18T15:49:07.678971+00:00","dag_id":"meteo_etl","try_number":3,"ti_id":"01a0b540-bf92-76fd-add5-f6efd4374c0e","task_id":"extract","logger":"task","filename":"task_runner.py","lineno":1580}
{"timestamp":"2026-09-18T16:02:00.515294Z","level":"info","event":"Task instance in success state","logger":"task.stdout"}
{"timestamp":"2026-09-18T16:02:00.525619Z","level":"info","event":" Previous state of the Task instance: TaskInstanceState.RUNNING","logger":"task.stdout"}
{"timestamp":"2026-09-18T16:02:00.529317Z","level":"info","event":"Task operator:<Task(_PythonDecoratedOperator): extract>","logger":"task.stdout"}
{"timestamp":"2026-09-18T16:02:00.515762Z","level":"info","event":"::endgroup::","map_index":-1,"run_id":"manual__2026-09-18T15:49:07.678971+00:00","dag_id":"meteo_etl","try_number":3,"ti_id":"01a0b540-bf92-76fd-add5-f6efd4374c0e","task_id":"extract","logger":"task","filename":"task_runner.py","lineno":2379}
